
> mindflow@2.0.0 dev
> next dev

   ▲ Next.js 15.5.23
   - Local:        http://localhost:49572
   - Network:      http://172.30.144.1:49572
   - Environments: .env.local

 ✓ Starting...
 ✓ Ready in 2.7s
 ⚠ Found a change in next.config.mjs. Restarting the server to apply the changes...
   ▲ Next.js 15.5.23
   - Local:        http://localhost:49572
   - Network:      http://172.30.144.1:49572
   - Environments: .env.local

 ✓ Starting...
 ✓ Ready in 2.8s
 ⚠ Found a change in next.config.mjs. Restarting the server to apply the changes...
   ▲ Next.js 15.5.23
   - Local:        http://localhost:49572
   - Network:      http://172.30.144.1:49572
   - Environments: .env.local

 ✓ Starting...
 ✓ Ready in 3.1s
   Reload env: .env.local
