⚠ Slow filesystem detected. The benchmark took 562ms. If \\?\E:\lexis-store\.next\dev is a network drive, consider moving it to a local folder.
See more: https://nextjs.org/docs/app/guides/local-development
Watchpack Error (initial scan): Error: EINVAL: invalid argument, lstat 'E:\System Volume Information'
⨯ ./src/app/globals.css:669:8
Error: Parsing CSS source code failed
  [90m667 |[0m   }
  [90m668 |[0m }
[31m[1m>[0m [90m669 |[0m @[36mimport[0m url([32m'https://fonts.googleapis.com/css2?family=Instrument+Sans:wght@400;500;600;70...[0m
  [90m    |[0m        [31m[1m^[0m
  [90m670 |[0m :root {
  [90m671 |[0m   --background: [35m0[0m [35m0[0m% [35m100[0m%;
  [90m672 |[0m   --foreground: [35m0[0m [35m0[0m% [35m0[0m%;

@import rules must precede all rules aside from @charset and @layer statements

Generated code of PostCSS transform of file content of src/app/globals.css:
./src/app/globals.css:669:8
  [90m667 |[0m   }
  [90m668 |[0m }
[31m[1m>[0m [90m669 |[0m @[36mimport[0m url([32m'https://fonts.googleapis.com/css2?family=Instrument+Sans:wght@400;500;600;70...[0m
  [90m    |[0m        [31m[1m^[0m
  [90m670 |[0m :root {
  [90m671 |[0m   --background: [35m0[0m [35m0[0m% [35m100[0m%;
  [90m672 |[0m   --foreground: [35m0[0m [35m0[0m% [35m0[0m%;

Import trace:
  Client Component Browser:
    ./src/app/globals.css [Client Component Browser]
    ./src/app/layout.tsx [Server Component]


⨯ ./src/app/globals.css:669:8
Error: Parsing CSS source code failed
  [90m667 |[0m   }
  [90m668 |[0m }
[31m[1m>[0m [90m669 |[0m @[36mimport[0m url([32m'https://fonts.googleapis.com/css2?family=Instrument+Sans:wght@400;500;600;70...[0m
  [90m    |[0m        [31m[1m^[0m
  [90m670 |[0m :root {
  [90m671 |[0m   --background: [35m0[0m [35m0[0m% [35m100[0m%;
  [90m672 |[0m   --foreground: [35m0[0m [35m0[0m% [35m0[0m%;

@import rules must precede all rules aside from @charset and @layer statements

Generated code of PostCSS transform of file content of src/app/globals.css:
./src/app/globals.css:669:8
  [90m667 |[0m   }
  [90m668 |[0m }
[31m[1m>[0m [90m669 |[0m @[36mimport[0m url([32m'https://fonts.googleapis.com/css2?family=Instrument+Sans:wght@400;500;600;70...[0m
  [90m    |[0m        [31m[1m^[0m
  [90m670 |[0m :root {
  [90m671 |[0m   --background: [35m0[0m [35m0[0m% [35m100[0m%;
  [90m672 |[0m   --foreground: [35m0[0m [35m0[0m% [35m0[0m%;

Import trace:
  Client Component Browser:
    ./src/app/globals.css [Client Component Browser]
    ./src/app/layout.tsx [Server Component]


⨯ ./src/app/globals.css:669:8
Error: Parsing CSS source code failed
  [90m667 |[0m   }
  [90m668 |[0m }
[31m[1m>[0m [90m669 |[0m @[36mimport[0m url([32m'https://fonts.googleapis.com/css2?family=Instrument+Sans:wght@400;500;600;70...[0m
  [90m    |[0m        [31m[1m^[0m
  [90m670 |[0m :root {
  [90m671 |[0m   --background: [35m0[0m [35m0[0m% [35m100[0m%;
  [90m672 |[0m   --foreground: [35m0[0m [35m0[0m% [35m0[0m%;

@import rules must precede all rules aside from @charset and @layer statements

Generated code of PostCSS transform of file content of src/app/globals.css:
./src/app/globals.css:669:8
  [90m667 |[0m   }
  [90m668 |[0m }
[31m[1m>[0m [90m669 |[0m @[36mimport[0m url([32m'https://fonts.googleapis.com/css2?family=Instrument+Sans:wght@400;500;600;70...[0m
  [90m    |[0m        [31m[1m^[0m
  [90m670 |[0m :root {
  [90m671 |[0m   --background: [35m0[0m [35m0[0m% [35m100[0m%;
  [90m672 |[0m   --foreground: [35m0[0m [35m0[0m% [35m0[0m%;

Import trace:
  Client Component Browser:
    ./src/app/globals.css [Client Component Browser]
    ./src/app/layout.tsx [Server Component]


